   Compiling sdfdesk-server v1.1.14 (/mnt/c/workspace/rustdesk/sdfdesk-server)
error[E0609]: no field `peer_map` on type `RendezvousServer`
   --> src/rendezvous_server.rs:184:27
    |
184 |         let peer_map = rs.peer_map.clone();
    |                           ^^^^^^^^ unknown field
    |
    = note: available fields are: `tcp_punch`, `pm`, `tx`, `relay_servers`, `relay_servers0` ... and 2 others

error[E0277]: the trait bound `std::net::SocketAddr: From<([{integer}; 4], i32)>` is not satisfied
   --> src/rendezvous_server.rs:200:24
    |
200 |             let addr = std::net::SocketAddr::from(([0, 0, 0, 0], api_port));
    |                        ^^^^^^^^^^^^^^^^^^^^ the trait `From<([{integer}; 4], i32)>` is not implemented for `std::net::SocketAddr`
    |
    = help: the following other types implement trait `From<T>`:
              `std::net::SocketAddr` implements `From<(I, u16)>`
              `std::net::SocketAddr` implements `From<SocketAddrV4>`
              `std::net::SocketAddr` implements `From<SocketAddrV6>`
              `std::net::SocketAddr` implements `From<TargetAddr<'_>>`

Some errors have detailed explanations: E0277, E0609.
For more information about an error, try `rustc --explain E0277`.
error: could not compile `sdfdesk-server` (lib) due to 2 previous errors
